// Jest Snapshot v1, https://goo.gl/fbAQLP

exports[`<TextComponent /> should render snapshot 1`] = `
.c0 {
  font-size: 2.4rem;
}

<div
  class="c0"
>
  Children
</div>
`;
